#-----------------------------------------------------------
# Vivado v2020.2 (64-bit)
# SW Build 3064766 on Wed Nov 18 09:12:45 MST 2020
# IP Build 3064653 on Wed Nov 18 14:17:31 MST 2020
# Start of session at: Sat Dec 31 03:56:29 2022
# Process ID: 2344
# Current directory: E:/1111/DCCDL/final project/vivado/SDF_64points_FFT
# Command line: vivado.exe -gui_launcher_event rodinguilauncherevent18040 E:\1111\DCCDL\final project\vivado\SDF_64points_FFT\SDF_64points_FFT.xpr
# Log file: E:/1111/DCCDL/final project/vivado/SDF_64points_FFT/vivado.log
# Journal file: E:/1111/DCCDL/final project/vivado/SDF_64points_FFT\vivado.jou
#-----------------------------------------------------------
start_gui
open_project -read_only {E:/1111/DCCDL/final project/vivado/SDF_64points_FFT/SDF_64points_FFT.xpr}
update_compile_order -fileset sources_1
save_project_as at_home {E:/1111/DCCDL/final project/vivado/at_home} -force
import_files
launch_simulation
open_wave_config {E:/1111/DCCDL/final project/vivado/at_home/at_home.srcs/sim_1/imports/SDF_64points_FFT/butterfly_test_tb_time_synth.wcfg}
source stage1_tb.tcl
relaunch_sim
run 500 us
relaunch_sim
run 500 us
relaunch_sim
run 500 us
relaunch_sim
run 500 us
relaunch_sim
run 500 us
relaunch_sim
run 500 us
reset_run synth_1
launch_runs synth_1 -jobs 8
wait_on_run synth_1
reset_run synth_1
launch_runs synth_1 -jobs 8
wait_on_run synth_1
relaunch_sim
run 500 us
reset_run synth_1
launch_runs synth_1 -jobs 8
wait_on_run synth_1
reset_run synth_1
launch_runs synth_1 -jobs 8
wait_on_run synth_1
save_wave_config {E:/1111/DCCDL/final project/vivado/at_home/at_home.srcs/sim_1/imports/SDF_64points_FFT/butterfly_test_tb_time_synth.wcfg}
close_sim
launch_simulation
open_wave_config {E:/1111/DCCDL/final project/vivado/at_home/at_home.srcs/sim_1/imports/SDF_64points_FFT/butterfly_test_tb_time_synth.wcfg}
source stage1_tb.tcl
run 250 us
launch_simulation -mode post-synthesis -type timing
close_design
close_sim
launch_simulation -mode post-synthesis -type functional
launch_simulation
open_wave_config {E:/1111/DCCDL/final project/vivado/at_home/at_home.srcs/sim_1/imports/SDF_64points_FFT/butterfly_test_tb_time_synth.wcfg}
source stage1_tb.tcl
run 250 us
relaunch_sim
relaunch_sim
run 250 us
relaunch_sim
run 250 ns
relaunch_sim
run 250 ns
run 250 ns
relaunch_sim
