#-----------------------------------------------------------
# Vivado v2020.2 (64-bit)
# SW Build 3064766 on Wed Nov 18 09:12:45 MST 2020
# IP Build 3064653 on Wed Nov 18 14:17:31 MST 2020
# Start of session at: Tue Dec 13 00:58:02 2022
# Process ID: 22488
# Current directory: E:/1111/DCCDL/VIVADO/lab6/part2/fft_32points
# Command line: vivado.exe -gui_launcher_event rodinguilauncherevent5884 E:\1111\DCCDL\VIVADO\lab6\part2\fft_32points\fft_32points.xpr
# Log file: E:/1111/DCCDL/VIVADO/lab6/part2/fft_32points/vivado.log
# Journal file: E:/1111/DCCDL/VIVADO/lab6/part2/fft_32points\vivado.jou
#-----------------------------------------------------------
start_gui
open_project E:/1111/DCCDL/VIVADO/lab6/part2/fft_32points/fft_32points.xpr
update_compile_order -fileset sources_1
launch_simulation
source top_tb.tcl
relaunch_sim
relaunch_sim
save_wave_config {E:/1111/DCCDL/VIVADO/lab6/part2/fft_32points/top_tb_behav.wcfg}
add_files -fileset sim_1 -norecurse E:/1111/DCCDL/VIVADO/lab6/part2/fft_32points/top_tb_behav.wcfg
set_property xsim.view E:/1111/DCCDL/VIVADO/lab6/part2/fft_32points/top_tb_behav.wcfg [get_filesets sim_1]
close_sim
launch_simulation
open_wave_config E:/1111/DCCDL/VIVADO/lab6/part2/fft_32points/top_tb_behav.wcfg
source top_tb.tcl
relaunch_sim
relaunch_sim
save_wave_config {E:/1111/DCCDL/VIVADO/lab6/part2/fft_32points/top_tb_behav.wcfg}
