#-----------------------------------------------------------
# Vivado v2019.1 (64-bit)
# SW Build 2552052 on Fri May 24 14:49:42 MDT 2019
# IP Build 2548770 on Fri May 24 18:01:18 MDT 2019
# Start of session at: Mon Dec  5 11:26:01 2022
# Process ID: 30156
# Current directory: D:/1111/DCCDL/VIVADO/lab6/fft_pm6
# Command line: vivado.exe -gui_launcher_event rodinguilauncherevent30260 D:\1111\DCCDL\VIVADO\lab6\fft_pm6\fft.xpr
# Log file: D:/1111/DCCDL/VIVADO/lab6/fft_pm6/vivado.log
# Journal file: D:/1111/DCCDL/VIVADO/lab6/fft_pm6\vivado.jou
#-----------------------------------------------------------
start_gui
open_project D:/1111/DCCDL/VIVADO/lab6/fft_pm6/fft.xpr
update_compile_order -fileset sources_1
update_compile_order -fileset sim_1
save_project_as project_1 D:/1111/DCCDL/VIVADO/lab6/project_1 -force
import_files
launch_runs impl_1 -jobs 4
wait_on_run impl_1
launch_simulation -mode post-implementation -type timing
source fft_top.tcl
update_compile_order -fileset sim_1
relaunch_sim
close_sim
launch_simulation
source stage1_tb.tcl
launch_simulation -mode post-implementation -type timing
source stage1_tb.tcl
close_sim
close_sim
launch_simulation -mode post-synthesis -type timing
source stage1_tb.tcl
close_sim
close_design
close_design
launch_simulation
source stage1_tb.tcl
run all
relaunch_sim
relaunch_sim
close_sim
launch_simulation
source stage1_tb.tcl
close_sim
launch_simulation -mode post-synthesis -type timing
source stage1_tb.tcl
close_sim
launch_simulation -mode post-synthesis -type timing
source stage1_tb.tcl
close_sim
launch_simulation -mode post-implementation -type timing
source stage1_tb.tcl
close_sim
